digraph G4 {
	// Node definitions.
	G3_I1 [label=entry];
}
