digraph G1 {
	// Node definitions.
	1 [label=entry];
	2;
	3;
	4;
	5;
	6;
	7;
	8;

	// Edge definitions.
	1 -> 2;
	2 -> 3;
	2 -> 7;
	3 -> 4;
	3 -> 5;
	4 -> 3;
	4 -> 6;
	5 -> 6;
	6 -> 7;
	7 -> 2;
	7 -> 8;
}
